// Jest Snapshot v1, https://goo.gl/fbAQLP

exports[`The GalleryScroller Renders as expected 1`] = `
<div
  style={
    Object {
      "overflow": "hidden",
    }
  }
>
  <div
    className="scroller"
    style={
      Object {
        "height": 683,
      }
    }
  />
</div>
`;
